// Jest Snapshot v1, https://goo.gl/fbAQLP

exports[`should render Header correctly 1`] = `
ShallowWrapper {
  Symbol(enzyme.__root__): [Circular],
  Symbol(enzyme.__unrendered__): <Header />,
  Symbol(enzyme.__renderer__): Object {
    "batchedUpdates": [Function],
    "getNode": [Function],
    "render": [Function],
    "simulateEvent": [Function],
    "unmount": [Function],
  },
  Symbol(enzyme.__node__): Object {
    "instance": null,
    "key": undefined,
    "nodeType": "host",
    "props": Object {
      "children": <header>
        <div
                className="tabs"
        >
                <NavLink
                        activeClassName="is-active"
                        aria-current="page"
                        className="tab"
                        exact={true}
                        to="/"
                >
                        Places to Go
                </NavLink>
                <NavLink
                        activeClassName="is-active"
                        aria-current="page"
                        className="tab"
                        to="/completed"
                >
                        Places I've Been
                </NavLink>
        </div>
        <StateManager
                className="filter"
                defaultInputValue=""
                defaultMenuIsOpen={false}
                defaultValue={null}
                isMulti={true}
                options={
                        Array [
                                Object {
                                  "label": "Bakery",
                                  "value": "bakery",
                                },
                                Object {
                                  "label": "Cafe",
                                  "value": "cafe",
                                },
                                Object {
                                  "label": "Meal Delivery",
                                  "value": "meal delivery",
                                },
                                Object {
                                  "label": "Meal Takeaway",
                                  "value": "meal takeway",
                                },
                                Object {
                                  "label": "Restaurant",
                                  "value": "restaurant",
                                },
                              ]
                }
                placeholder="Filter categories..."
        />
</header>,
    },
    "ref": null,
    "rendered": Object {
      "instance": null,
      "key": undefined,
      "nodeType": "host",
      "props": Object {
        "children": Array [
          <div
            className="tabs"
>
            <NavLink
                        activeClassName="is-active"
                        aria-current="page"
                        className="tab"
                        exact={true}
                        to="/"
            >
                        Places to Go
            </NavLink>
            <NavLink
                        activeClassName="is-active"
                        aria-current="page"
                        className="tab"
                        to="/completed"
            >
                        Places I've Been
            </NavLink>
</div>,
          <StateManager
            className="filter"
            defaultInputValue=""
            defaultMenuIsOpen={false}
            defaultValue={null}
            isMulti={true}
            options={
                        Array [
                                    Object {
                                      "label": "Bakery",
                                      "value": "bakery",
                                    },
                                    Object {
                                      "label": "Cafe",
                                      "value": "cafe",
                                    },
                                    Object {
                                      "label": "Meal Delivery",
                                      "value": "meal delivery",
                                    },
                                    Object {
                                      "label": "Meal Takeaway",
                                      "value": "meal takeway",
                                    },
                                    Object {
                                      "label": "Restaurant",
                                      "value": "restaurant",
                                    },
                                  ]
            }
            placeholder="Filter categories..."
/>,
        ],
      },
      "ref": null,
      "rendered": Array [
        Object {
          "instance": null,
          "key": undefined,
          "nodeType": "host",
          "props": Object {
            "children": Array [
              <NavLink
                activeClassName="is-active"
                aria-current="page"
                className="tab"
                exact={true}
                to="/"
>
                Places to Go
</NavLink>,
              <NavLink
                activeClassName="is-active"
                aria-current="page"
                className="tab"
                to="/completed"
>
                Places I've Been
</NavLink>,
            ],
            "className": "tabs",
          },
          "ref": null,
          "rendered": Array [
            Object {
              "instance": null,
              "key": undefined,
              "nodeType": "function",
              "props": Object {
                "activeClassName": "is-active",
                "aria-current": "page",
                "children": "Places to Go",
                "className": "tab",
                "exact": true,
                "to": "/",
              },
              "ref": null,
              "rendered": "Places to Go",
              "type": [Function],
            },
            Object {
              "instance": null,
              "key": undefined,
              "nodeType": "function",
              "props": Object {
                "activeClassName": "is-active",
                "aria-current": "page",
                "children": "Places I've Been",
                "className": "tab",
                "to": "/completed",
              },
              "ref": null,
              "rendered": "Places I've Been",
              "type": [Function],
            },
          ],
          "type": "div",
        },
        Object {
          "instance": null,
          "key": undefined,
          "nodeType": "class",
          "props": Object {
            "className": "filter",
            "defaultInputValue": "",
            "defaultMenuIsOpen": false,
            "defaultValue": null,
            "isMulti": true,
            "options": Array [
              Object {
                "label": "Bakery",
                "value": "bakery",
              },
              Object {
                "label": "Cafe",
                "value": "cafe",
              },
              Object {
                "label": "Meal Delivery",
                "value": "meal delivery",
              },
              Object {
                "label": "Meal Takeaway",
                "value": "meal takeway",
              },
              Object {
                "label": "Restaurant",
                "value": "restaurant",
              },
            ],
            "placeholder": "Filter categories...",
          },
          "ref": null,
          "rendered": null,
          "type": [Function],
        },
      ],
      "type": "header",
    },
    "type": "div",
  },
  Symbol(enzyme.__nodes__): Array [
    Object {
      "instance": null,
      "key": undefined,
      "nodeType": "host",
      "props": Object {
        "children": <header>
          <div
                    className="tabs"
          >
                    <NavLink
                              activeClassName="is-active"
                              aria-current="page"
                              className="tab"
                              exact={true}
                              to="/"
                    >
                              Places to Go
                    </NavLink>
                    <NavLink
                              activeClassName="is-active"
                              aria-current="page"
                              className="tab"
                              to="/completed"
                    >
                              Places I've Been
                    </NavLink>
          </div>
          <StateManager
                    className="filter"
                    defaultInputValue=""
                    defaultMenuIsOpen={false}
                    defaultValue={null}
                    isMulti={true}
                    options={
                              Array [
                                        Object {
                                          "label": "Bakery",
                                          "value": "bakery",
                                        },
                                        Object {
                                          "label": "Cafe",
                                          "value": "cafe",
                                        },
                                        Object {
                                          "label": "Meal Delivery",
                                          "value": "meal delivery",
                                        },
                                        Object {
                                          "label": "Meal Takeaway",
                                          "value": "meal takeway",
                                        },
                                        Object {
                                          "label": "Restaurant",
                                          "value": "restaurant",
                                        },
                                      ]
                    }
                    placeholder="Filter categories..."
          />
</header>,
      },
      "ref": null,
      "rendered": Object {
        "instance": null,
        "key": undefined,
        "nodeType": "host",
        "props": Object {
          "children": Array [
            <div
              className="tabs"
>
              <NavLink
                            activeClassName="is-active"
                            aria-current="page"
                            className="tab"
                            exact={true}
                            to="/"
              >
                            Places to Go
              </NavLink>
              <NavLink
                            activeClassName="is-active"
                            aria-current="page"
                            className="tab"
                            to="/completed"
              >
                            Places I've Been
              </NavLink>
</div>,
            <StateManager
              className="filter"
              defaultInputValue=""
              defaultMenuIsOpen={false}
              defaultValue={null}
              isMulti={true}
              options={
                            Array [
                                          Object {
                                            "label": "Bakery",
                                            "value": "bakery",
                                          },
                                          Object {
                                            "label": "Cafe",
                                            "value": "cafe",
                                          },
                                          Object {
                                            "label": "Meal Delivery",
                                            "value": "meal delivery",
                                          },
                                          Object {
                                            "label": "Meal Takeaway",
                                            "value": "meal takeway",
                                          },
                                          Object {
                                            "label": "Restaurant",
                                            "value": "restaurant",
                                          },
                                        ]
              }
              placeholder="Filter categories..."
/>,
          ],
        },
        "ref": null,
        "rendered": Array [
          Object {
            "instance": null,
            "key": undefined,
            "nodeType": "host",
            "props": Object {
              "children": Array [
                <NavLink
                  activeClassName="is-active"
                  aria-current="page"
                  className="tab"
                  exact={true}
                  to="/"
>
                  Places to Go
</NavLink>,
                <NavLink
                  activeClassName="is-active"
                  aria-current="page"
                  className="tab"
                  to="/completed"
>
                  Places I've Been
</NavLink>,
              ],
              "className": "tabs",
            },
            "ref": null,
            "rendered": Array [
              Object {
                "instance": null,
                "key": undefined,
                "nodeType": "function",
                "props": Object {
                  "activeClassName": "is-active",
                  "aria-current": "page",
                  "children": "Places to Go",
                  "className": "tab",
                  "exact": true,
                  "to": "/",
                },
                "ref": null,
                "rendered": "Places to Go",
                "type": [Function],
              },
              Object {
                "instance": null,
                "key": undefined,
                "nodeType": "function",
                "props": Object {
                  "activeClassName": "is-active",
                  "aria-current": "page",
                  "children": "Places I've Been",
                  "className": "tab",
                  "to": "/completed",
                },
                "ref": null,
                "rendered": "Places I've Been",
                "type": [Function],
              },
            ],
            "type": "div",
          },
          Object {
            "instance": null,
            "key": undefined,
            "nodeType": "class",
            "props": Object {
              "className": "filter",
              "defaultInputValue": "",
              "defaultMenuIsOpen": false,
              "defaultValue": null,
              "isMulti": true,
              "options": Array [
                Object {
                  "label": "Bakery",
                  "value": "bakery",
                },
                Object {
                  "label": "Cafe",
                  "value": "cafe",
                },
                Object {
                  "label": "Meal Delivery",
                  "value": "meal delivery",
                },
                Object {
                  "label": "Meal Takeaway",
                  "value": "meal takeway",
                },
                Object {
                  "label": "Restaurant",
                  "value": "restaurant",
                },
              ],
              "placeholder": "Filter categories...",
            },
            "ref": null,
            "rendered": null,
            "type": [Function],
          },
        ],
        "type": "header",
      },
      "type": "div",
    },
  ],
  Symbol(enzyme.__options__): Object {
    "adapter": ReactSixteenAdapter {
      "options": Object {
        "enableComponentDidUpdateOnSetState": true,
        "lifecycles": Object {
          "componentDidUpdate": Object {
            "onSetState": true,
          },
          "getSnapshotBeforeUpdate": true,
        },
      },
    },
    "attachTo": undefined,
    "hydrateIn": undefined,
  },
}
`;
