// Jest Snapshot v1, https://goo.gl/fbAQLP

exports[`should render Map correctly 1`] = `
ShallowWrapper {
  Symbol(enzyme.__root__): [Circular],
  Symbol(enzyme.__unrendered__): <SimpleMap
    center={
        Object {
            "lat": 44.5,
            "lng": -85.5,
          }
    }
    places={
        Array [
            Object {
              "category": "meal delivery",
              "completed": false,
              "id": "1234",
              "name": "Big Mamas",
            },
            Object {
              "category": "cafe",
              "completed": true,
              "id": "2903",
              "name": "Kanga Wanga",
            },
          ]
    }
    zoom={5}
/>,
  Symbol(enzyme.__renderer__): Object {
    "batchedUpdates": [Function],
    "getNode": [Function],
    "render": [Function],
    "simulateEvent": [Function],
    "unmount": [Function],
  },
  Symbol(enzyme.__node__): Object {
    "instance": null,
    "key": undefined,
    "nodeType": "host",
    "props": Object {
      "children": <GoogleMap
        bootstrapURLKeys={
                Object {
                        "key": "AIzaSyDVpveOb7pwNDm9fll34qPkpWFdje4lxkw",
                      }
        }
        debounced={true}
        defaultCenter={
                Object {
                        "lat": 44.5,
                        "lng": -85.5,
                      }
        }
        defaultZoom={5}
        distanceToMouse={[Function]}
        googleMapLoader={[Function]}
        heatmap={Object {}}
        heatmapLibrary={false}
        hoverDistance={30}
        layerTypes={Array []}
        options={[Function]}
        style={
                Object {
                        "height": "100%",
                        "margin": 0,
                        "padding": 0,
                        "position": "relative",
                        "width": "100%",
                      }
        }
        yesIWantToUseGoogleMapApiInternals={false}
>
        <AnyReactComponent
                completed={false}
                lat={undefined}
                lng={undefined}
                text="Big Mamas"
        />
        <AnyReactComponent
                completed={true}
                lat={undefined}
                lng={undefined}
                text="Kanga Wanga"
        />
</GoogleMap>,
      "style": Object {
        "height": "60vh",
        "width": "100%",
      },
    },
    "ref": null,
    "rendered": Object {
      "instance": null,
      "key": undefined,
      "nodeType": "class",
      "props": Object {
        "bootstrapURLKeys": Object {
          "key": "AIzaSyDVpveOb7pwNDm9fll34qPkpWFdje4lxkw",
        },
        "children": Array [
          <AnyReactComponent
            completed={false}
            lat={undefined}
            lng={undefined}
            text="Big Mamas"
/>,
          <AnyReactComponent
            completed={true}
            lat={undefined}
            lng={undefined}
            text="Kanga Wanga"
/>,
        ],
        "debounced": true,
        "defaultCenter": Object {
          "lat": 44.5,
          "lng": -85.5,
        },
        "defaultZoom": 5,
        "distanceToMouse": [Function],
        "googleMapLoader": [Function],
        "heatmap": Object {},
        "heatmapLibrary": false,
        "hoverDistance": 30,
        "layerTypes": Array [],
        "options": [Function],
        "style": Object {
          "height": "100%",
          "margin": 0,
          "padding": 0,
          "position": "relative",
          "width": "100%",
        },
        "yesIWantToUseGoogleMapApiInternals": false,
      },
      "ref": null,
      "rendered": Array [
        Object {
          "instance": null,
          "key": undefined,
          "nodeType": "function",
          "props": Object {
            "completed": false,
            "lat": undefined,
            "lng": undefined,
            "text": "Big Mamas",
          },
          "ref": null,
          "rendered": null,
          "type": [Function],
        },
        Object {
          "instance": null,
          "key": undefined,
          "nodeType": "function",
          "props": Object {
            "completed": true,
            "lat": undefined,
            "lng": undefined,
            "text": "Kanga Wanga",
          },
          "ref": null,
          "rendered": null,
          "type": [Function],
        },
      ],
      "type": [Function],
    },
    "type": "div",
  },
  Symbol(enzyme.__nodes__): Array [
    Object {
      "instance": null,
      "key": undefined,
      "nodeType": "host",
      "props": Object {
        "children": <GoogleMap
          bootstrapURLKeys={
                    Object {
                              "key": "AIzaSyDVpveOb7pwNDm9fll34qPkpWFdje4lxkw",
                            }
          }
          debounced={true}
          defaultCenter={
                    Object {
                              "lat": 44.5,
                              "lng": -85.5,
                            }
          }
          defaultZoom={5}
          distanceToMouse={[Function]}
          googleMapLoader={[Function]}
          heatmap={Object {}}
          heatmapLibrary={false}
          hoverDistance={30}
          layerTypes={Array []}
          options={[Function]}
          style={
                    Object {
                              "height": "100%",
                              "margin": 0,
                              "padding": 0,
                              "position": "relative",
                              "width": "100%",
                            }
          }
          yesIWantToUseGoogleMapApiInternals={false}
>
          <AnyReactComponent
                    completed={false}
                    lat={undefined}
                    lng={undefined}
                    text="Big Mamas"
          />
          <AnyReactComponent
                    completed={true}
                    lat={undefined}
                    lng={undefined}
                    text="Kanga Wanga"
          />
</GoogleMap>,
        "style": Object {
          "height": "60vh",
          "width": "100%",
        },
      },
      "ref": null,
      "rendered": Object {
        "instance": null,
        "key": undefined,
        "nodeType": "class",
        "props": Object {
          "bootstrapURLKeys": Object {
            "key": "AIzaSyDVpveOb7pwNDm9fll34qPkpWFdje4lxkw",
          },
          "children": Array [
            <AnyReactComponent
              completed={false}
              lat={undefined}
              lng={undefined}
              text="Big Mamas"
/>,
            <AnyReactComponent
              completed={true}
              lat={undefined}
              lng={undefined}
              text="Kanga Wanga"
/>,
          ],
          "debounced": true,
          "defaultCenter": Object {
            "lat": 44.5,
            "lng": -85.5,
          },
          "defaultZoom": 5,
          "distanceToMouse": [Function],
          "googleMapLoader": [Function],
          "heatmap": Object {},
          "heatmapLibrary": false,
          "hoverDistance": 30,
          "layerTypes": Array [],
          "options": [Function],
          "style": Object {
            "height": "100%",
            "margin": 0,
            "padding": 0,
            "position": "relative",
            "width": "100%",
          },
          "yesIWantToUseGoogleMapApiInternals": false,
        },
        "ref": null,
        "rendered": Array [
          Object {
            "instance": null,
            "key": undefined,
            "nodeType": "function",
            "props": Object {
              "completed": false,
              "lat": undefined,
              "lng": undefined,
              "text": "Big Mamas",
            },
            "ref": null,
            "rendered": null,
            "type": [Function],
          },
          Object {
            "instance": null,
            "key": undefined,
            "nodeType": "function",
            "props": Object {
              "completed": true,
              "lat": undefined,
              "lng": undefined,
              "text": "Kanga Wanga",
            },
            "ref": null,
            "rendered": null,
            "type": [Function],
          },
        ],
        "type": [Function],
      },
      "type": "div",
    },
  ],
  Symbol(enzyme.__options__): Object {
    "adapter": ReactSixteenAdapter {
      "options": Object {
        "enableComponentDidUpdateOnSetState": true,
        "lifecycles": Object {
          "componentDidUpdate": Object {
            "onSetState": true,
          },
          "getSnapshotBeforeUpdate": true,
        },
      },
    },
    "attachTo": undefined,
    "hydrateIn": undefined,
  },
}
`;
